Archive member included because of file (symbol)

c:/winavr-20100110/bin/../lib/gcc/avr/4.3.3/avr5\libgcc.a(_udivmodqi4.o)
                              ./02-Source/02-HAL/06-SSD/Src/SSD.o (__udivmodqi4)
c:/winavr-20100110/bin/../lib/gcc/avr/4.3.3/avr5\libgcc.a(_exit.o)
                              c:/winavr-20100110/bin/../lib/gcc/avr/4.3.3/../../../../avr/lib/avr5/crtm32.o (exit)
c:/winavr-20100110/bin/../lib/gcc/avr/4.3.3/avr5\libgcc.a(_copy_data.o)
                              ./02-Source/04-App/main.o (__do_copy_data)
c:/winavr-20100110/bin/../lib/gcc/avr/4.3.3/../../../../avr/lib/avr5\libc.a(sprintf.o)
                              ./02-Source/04-App/main.o (sprintf)
c:/winavr-20100110/bin/../lib/gcc/avr/4.3.3/../../../../avr/lib/avr5\libc.a(vfprintf_std.o)
                              c:/winavr-20100110/bin/../lib/gcc/avr/4.3.3/../../../../avr/lib/avr5\libc.a(sprintf.o) (vfprintf)
c:/winavr-20100110/bin/../lib/gcc/avr/4.3.3/../../../../avr/lib/avr5\libc.a(strnlen_P.o)
                              c:/winavr-20100110/bin/../lib/gcc/avr/4.3.3/../../../../avr/lib/avr5\libc.a(vfprintf_std.o) (strnlen_P)
c:/winavr-20100110/bin/../lib/gcc/avr/4.3.3/../../../../avr/lib/avr5\libc.a(strnlen.o)
                              c:/winavr-20100110/bin/../lib/gcc/avr/4.3.3/../../../../avr/lib/avr5\libc.a(vfprintf_std.o) (strnlen)
c:/winavr-20100110/bin/../lib/gcc/avr/4.3.3/../../../../avr/lib/avr5\libc.a(fputc.o)
                              c:/winavr-20100110/bin/../lib/gcc/avr/4.3.3/../../../../avr/lib/avr5\libc.a(vfprintf_std.o) (fputc)
c:/winavr-20100110/bin/../lib/gcc/avr/4.3.3/../../../../avr/lib/avr5\libc.a(ultoa_invert.o)
                              c:/winavr-20100110/bin/../lib/gcc/avr/4.3.3/../../../../avr/lib/avr5\libc.a(vfprintf_std.o) (__ultoa_invert)
c:/winavr-20100110/bin/../lib/gcc/avr/4.3.3/avr5\libgcc.a(_prologue.o)
                              c:/winavr-20100110/bin/../lib/gcc/avr/4.3.3/../../../../avr/lib/avr5\libc.a(sprintf.o) (__prologue_saves__)
c:/winavr-20100110/bin/../lib/gcc/avr/4.3.3/avr5\libgcc.a(_epilogue.o)
                              c:/winavr-20100110/bin/../lib/gcc/avr/4.3.3/../../../../avr/lib/avr5\libc.a(sprintf.o) (__epilogue_restores__)

Memory Configuration

Name             Origin             Length             Attributes
text             0x00000000         0x00020000         xr
data             0x00800060         0x0000ffa0         rw !x
eeprom           0x00810000         0x00010000         rw !x
fuse             0x00820000         0x00000400         rw !x
lock             0x00830000         0x00000400         rw !x
signature        0x00840000         0x00000400         rw !x
*default*        0x00000000         0xffffffff

Linker script and memory map

LOAD c:/winavr-20100110/bin/../lib/gcc/avr/4.3.3/../../../../avr/lib/avr5/crtm32.o
LOAD ./02-Source/04-App/main.o
LOAD ./02-Source/02-HAL/07-Keypad/Src/Keypad.o
LOAD ./02-Source/02-HAL/06-SSD/Src/SSD.o
LOAD ./02-Source/02-HAL/05-LCD/Src/Lcd.o
LOAD ./02-Source/02-HAL/05-LCD/Src/Lcd_Cfg.o
LOAD ./02-Source/02-HAL/02-BUTTON/Src/Button.o
LOAD ./02-Source/02-HAL/01-LED/Src/Led.o
LOAD ./02-Source/01-MCAL/02-ADC/Src/Adc.o
LOAD ./02-Source/01-MCAL/01-DIO/Src/Dio.o
LOAD c:/winavr-20100110/bin/../lib/gcc/avr/4.3.3/avr5\libgcc.a
LOAD c:/winavr-20100110/bin/../lib/gcc/avr/4.3.3/../../../../avr/lib/avr5\libc.a
LOAD c:/winavr-20100110/bin/../lib/gcc/avr/4.3.3/avr5\libgcc.a

.hash
 *(.hash)

.dynsym
 *(.dynsym)

.dynstr
 *(.dynstr)

.gnu.version
 *(.gnu.version)

.gnu.version_d
 *(.gnu.version_d)

.gnu.version_r
 *(.gnu.version_r)

.rel.init
 *(.rel.init)

.rela.init
 *(.rela.init)

.rel.text
 *(.rel.text)
 *(.rel.text.*)
 *(.rel.gnu.linkonce.t*)

.rela.text
 *(.rela.text)
 *(.rela.text.*)
 *(.rela.gnu.linkonce.t*)

.rel.fini
 *(.rel.fini)

.rela.fini
 *(.rela.fini)

.rel.rodata
 *(.rel.rodata)
 *(.rel.rodata.*)
 *(.rel.gnu.linkonce.r*)

.rela.rodata
 *(.rela.rodata)
 *(.rela.rodata.*)
 *(.rela.gnu.linkonce.r*)

.rel.data
 *(.rel.data)
 *(.rel.data.*)
 *(.rel.gnu.linkonce.d*)

.rela.data
 *(.rela.data)
 *(.rela.data.*)
 *(.rela.gnu.linkonce.d*)

.rel.ctors
 *(.rel.ctors)

.rela.ctors
 *(.rela.ctors)

.rel.dtors
 *(.rel.dtors)

.rela.dtors
 *(.rela.dtors)

.rel.got
 *(.rel.got)

.rela.got
 *(.rela.got)

.rel.bss
 *(.rel.bss)

.rela.bss
 *(.rela.bss)

.rel.plt
 *(.rel.plt)

.rela.plt
 *(.rela.plt)

.text           0x00000000     0x19ee
 *(.vectors)
 .vectors       0x00000000       0x54 c:/winavr-20100110/bin/../lib/gcc/avr/4.3.3/../../../../avr/lib/avr5/crtm32.o
                0x00000000                __vectors
                0x00000000                __vector_default
 *(.vectors)
 *(.progmem.gcc*)
 *(.progmem*)
                0x00000054                . = ALIGN (0x2)
                0x00000054                __trampolines_start = .
 *(.trampolines)
 .trampolines   0x00000054        0x0 linker stubs
 *(.trampolines*)
                0x00000054                __trampolines_end = .
 *(.jumptables)
 *(.jumptables*)
 *(.lowtext)
 *(.lowtext*)
                0x00000054                __ctors_start = .
 *(.ctors)
                0x00000054                __ctors_end = .
                0x00000054                __dtors_start = .
 *(.dtors)
                0x00000054                __dtors_end = .
 SORT(*)(.ctors)
 SORT(*)(.dtors)
 *(.init0)
 .init0         0x00000054        0x0 c:/winavr-20100110/bin/../lib/gcc/avr/4.3.3/../../../../avr/lib/avr5/crtm32.o
                0x00000054                __init
 *(.init0)
 *(.init1)
 *(.init1)
 *(.init2)
 .init2         0x00000054        0xc c:/winavr-20100110/bin/../lib/gcc/avr/4.3.3/../../../../avr/lib/avr5/crtm32.o
 *(.init2)
 *(.init3)
 *(.init3)
 *(.init4)
 .init4         0x00000060       0x16 c:/winavr-20100110/bin/../lib/gcc/avr/4.3.3/avr5\libgcc.a(_copy_data.o)
                0x00000060                __do_copy_data
 *(.init4)
 *(.init5)
 *(.init5)
 *(.init6)
 *(.init6)
 *(.init7)
 *(.init7)
 *(.init8)
 *(.init8)
 *(.init9)
 .init9         0x00000076        0x8 c:/winavr-20100110/bin/../lib/gcc/avr/4.3.3/../../../../avr/lib/avr5/crtm32.o
 *(.init9)
 *(.text)
 .text          0x0000007e        0x4 c:/winavr-20100110/bin/../lib/gcc/avr/4.3.3/../../../../avr/lib/avr5/crtm32.o
                0x0000007e                __vector_1
                0x0000007e                __vector_12
                0x0000007e                __bad_interrupt
                0x0000007e                __vector_6
                0x0000007e                __vector_3
                0x0000007e                __vector_11
                0x0000007e                __vector_13
                0x0000007e                __vector_17
                0x0000007e                __vector_19
                0x0000007e                __vector_7
                0x0000007e                __vector_5
                0x0000007e                __vector_4
                0x0000007e                __vector_9
                0x0000007e                __vector_2
                0x0000007e                __vector_15
                0x0000007e                __vector_8
                0x0000007e                __vector_14
                0x0000007e                __vector_10
                0x0000007e                __vector_16
                0x0000007e                __vector_18
                0x0000007e                __vector_20
 .text          0x00000082        0x0 ./02-Source/04-App/main.o
 .text          0x00000082        0x0 ./02-Source/02-HAL/07-Keypad/Src/Keypad.o
 .text          0x00000082        0x0 ./02-Source/02-HAL/06-SSD/Src/SSD.o
 .text          0x00000082        0x0 ./02-Source/02-HAL/05-LCD/Src/Lcd.o
 .text          0x00000082        0x0 ./02-Source/02-HAL/05-LCD/Src/Lcd_Cfg.o
 .text          0x00000082        0x0 ./02-Source/02-HAL/02-BUTTON/Src/Button.o
 .text          0x00000082        0x0 ./02-Source/02-HAL/01-LED/Src/Led.o
 .text          0x00000082        0x0 ./02-Source/01-MCAL/02-ADC/Src/Adc.o
 .text          0x00000082        0x0 ./02-Source/01-MCAL/01-DIO/Src/Dio.o
 .text          0x00000082        0x0 c:/winavr-20100110/bin/../lib/gcc/avr/4.3.3/avr5\libgcc.a(_udivmodqi4.o)
 .text          0x00000082        0x0 c:/winavr-20100110/bin/../lib/gcc/avr/4.3.3/avr5\libgcc.a(_exit.o)
 .text          0x00000082        0x0 c:/winavr-20100110/bin/../lib/gcc/avr/4.3.3/avr5\libgcc.a(_copy_data.o)
 .text          0x00000082        0x0 c:/winavr-20100110/bin/../lib/gcc/avr/4.3.3/../../../../avr/lib/avr5\libc.a(sprintf.o)
 .text          0x00000082        0x0 c:/winavr-20100110/bin/../lib/gcc/avr/4.3.3/../../../../avr/lib/avr5\libc.a(vfprintf_std.o)
 .text          0x00000082        0x0 c:/winavr-20100110/bin/../lib/gcc/avr/4.3.3/../../../../avr/lib/avr5\libc.a(strnlen_P.o)
 .text          0x00000082        0x0 c:/winavr-20100110/bin/../lib/gcc/avr/4.3.3/../../../../avr/lib/avr5\libc.a(strnlen.o)
 .text          0x00000082        0x0 c:/winavr-20100110/bin/../lib/gcc/avr/4.3.3/../../../../avr/lib/avr5\libc.a(fputc.o)
 .text          0x00000082        0x0 c:/winavr-20100110/bin/../lib/gcc/avr/4.3.3/../../../../avr/lib/avr5\libc.a(ultoa_invert.o)
 .text          0x00000082        0x0 c:/winavr-20100110/bin/../lib/gcc/avr/4.3.3/avr5\libgcc.a(_prologue.o)
 .text          0x00000082        0x0 c:/winavr-20100110/bin/../lib/gcc/avr/4.3.3/avr5\libgcc.a(_epilogue.o)
                0x00000082                . = ALIGN (0x2)
 *(.text.*)
 .text.main     0x00000082       0xbc ./02-Source/04-App/main.o
                0x00000082                main
 .text.Keypad_Init
                0x0000013e       0x9a ./02-Source/02-HAL/07-Keypad/Src/Keypad.o
                0x0000013e                Keypad_Init
 .text.Keypad_Read
                0x000001d8      0x32a ./02-Source/02-HAL/07-Keypad/Src/Keypad.o
                0x000001d8                Keypad_Read
 .text.SSD_Display
                0x00000502       0x78 ./02-Source/02-HAL/06-SSD/Src/SSD.o
                0x00000502                SSD_Display
 .text.SSD_Init
                0x0000057a       0x5c ./02-Source/02-HAL/06-SSD/Src/SSD.o
                0x0000057a                SSD_Init
 .text.SSD_Display_With_Delay
                0x000005d6       0xf8 ./02-Source/02-HAL/06-SSD/Src/SSD.o
                0x000005d6                SSD_Display_With_Delay
 .text.Lcd_Cmd  0x000006ce       0x7e ./02-Source/02-HAL/05-LCD/Src/Lcd.o
                0x000006ce                Lcd_Cmd
 .text.Lcd_Display_Chr
                0x0000074c       0x7e ./02-Source/02-HAL/05-LCD/Src/Lcd.o
                0x0000074c                Lcd_Display_Chr
 .text.Lcd_Display_str
                0x000007ca       0x98 ./02-Source/02-HAL/05-LCD/Src/Lcd.o
                0x000007ca                Lcd_Display_str
 .text.Lcd_Goto_Row_Column
                0x00000862       0x90 ./02-Source/02-HAL/05-LCD/Src/Lcd.o
                0x00000862                Lcd_Goto_Row_Column
 .text.Lcd_Init
                0x000008f2      0x69a ./02-Source/02-HAL/05-LCD/Src/Lcd.o
                0x000008f2                Lcd_Init
 .text.Button_Is_Pressed
                0x00000f8c       0x4a ./02-Source/02-HAL/02-BUTTON/Src/Button.o
                0x00000f8c                Button_Is_Pressed
 .text.Button_Init
                0x00000fd6       0x20 ./02-Source/02-HAL/02-BUTTON/Src/Button.o
                0x00000fd6                Button_Init
 .text.Led_Toggle
                0x00000ff6       0x2c ./02-Source/02-HAL/01-LED/Src/Led.o
                0x00000ff6                Led_Toggle
 .text.Led_OFF  0x00001022       0x32 ./02-Source/02-HAL/01-LED/Src/Led.o
                0x00001022                Led_OFF
 .text.Led_ON   0x00001054       0x32 ./02-Source/02-HAL/01-LED/Src/Led.o
                0x00001054                Led_ON
 .text.Led_Init
                0x00001086       0x3e ./02-Source/02-HAL/01-LED/Src/Led.o
                0x00001086                Led_Init
 .text.ADC_vidInit
                0x000010c4        0x8 ./02-Source/01-MCAL/02-ADC/Src/Adc.o
                0x000010c4                ADC_vidInit
 .text.ADC_vidRead
                0x000010cc       0x22 ./02-Source/01-MCAL/02-ADC/Src/Adc.o
                0x000010cc                ADC_vidRead
 .text.Dio_Configure_Channel
                0x000010ee       0xdc ./02-Source/01-MCAL/01-DIO/Src/Dio.o
                0x000010ee                Dio_Configure_Channel
 .text.Dio_Write_Channel
                0x000011ca       0xde ./02-Source/01-MCAL/01-DIO/Src/Dio.o
                0x000011ca                Dio_Write_Channel
 .text.Dio_Flip_Channel
                0x000012a8       0x6a ./02-Source/01-MCAL/01-DIO/Src/Dio.o
                0x000012a8                Dio_Flip_Channel
 .text.Dio_Read_Channel
                0x00001312       0x5c ./02-Source/01-MCAL/01-DIO/Src/Dio.o
                0x00001312                Dio_Read_Channel
 .text.Dio_Write_Channel_Group
                0x0000136e       0x4a ./02-Source/01-MCAL/01-DIO/Src/Dio.o
                0x0000136e                Dio_Write_Channel_Group
 .text.Dio_PullUp_Enable
                0x000013b8       0x6a ./02-Source/01-MCAL/01-DIO/Src/Dio.o
                0x000013b8                Dio_PullUp_Enable
 .text.libgcc   0x00001422       0x18 c:/winavr-20100110/bin/../lib/gcc/avr/4.3.3/avr5\libgcc.a(_udivmodqi4.o)
                0x00001422                __udivmodqi4
 .text.libgcc   0x0000143a        0x0 c:/winavr-20100110/bin/../lib/gcc/avr/4.3.3/avr5\libgcc.a(_exit.o)
 .text.libgcc   0x0000143a        0x0 c:/winavr-20100110/bin/../lib/gcc/avr/4.3.3/avr5\libgcc.a(_copy_data.o)
 .text.avr-libc
                0x0000143a       0x48 c:/winavr-20100110/bin/../lib/gcc/avr/4.3.3/../../../../avr/lib/avr5\libc.a(sprintf.o)
                0x0000143a                sprintf
 .text.avr-libc
                0x00001482      0x3ba c:/winavr-20100110/bin/../lib/gcc/avr/4.3.3/../../../../avr/lib/avr5\libc.a(vfprintf_std.o)
                0x00001482                vfprintf
 .text.avr-libc
                0x0000183c       0x16 c:/winavr-20100110/bin/../lib/gcc/avr/4.3.3/../../../../avr/lib/avr5\libc.a(strnlen_P.o)
                0x0000183c                strnlen_P
 .text.avr-libc
                0x00001852       0x16 c:/winavr-20100110/bin/../lib/gcc/avr/4.3.3/../../../../avr/lib/avr5\libc.a(strnlen.o)
                0x00001852                strnlen
 .text.avr-libc
                0x00001868       0x58 c:/winavr-20100110/bin/../lib/gcc/avr/4.3.3/../../../../avr/lib/avr5\libc.a(fputc.o)
                0x00001868                fputc
 .text.avr-libc
                0x000018c0       0xbc c:/winavr-20100110/bin/../lib/gcc/avr/4.3.3/../../../../avr/lib/avr5\libc.a(ultoa_invert.o)
                0x000018c0                __ultoa_invert
 .text.libgcc   0x0000197c       0x38 c:/winavr-20100110/bin/../lib/gcc/avr/4.3.3/avr5\libgcc.a(_prologue.o)
                0x0000197c                __prologue_saves__
 .text.libgcc   0x000019b4       0x36 c:/winavr-20100110/bin/../lib/gcc/avr/4.3.3/avr5\libgcc.a(_epilogue.o)
                0x000019b4                __epilogue_restores__
                0x000019ea                . = ALIGN (0x2)
 *(.fini9)
 .fini9         0x000019ea        0x0 c:/winavr-20100110/bin/../lib/gcc/avr/4.3.3/avr5\libgcc.a(_exit.o)
                0x000019ea                exit
                0x000019ea                _exit
 *(.fini9)
 *(.fini8)
 *(.fini8)
 *(.fini7)
 *(.fini7)
 *(.fini6)
 *(.fini6)
 *(.fini5)
 *(.fini5)
 *(.fini4)
 *(.fini4)
 *(.fini3)
 *(.fini3)
 *(.fini2)
 *(.fini2)
 *(.fini1)
 *(.fini1)
 *(.fini0)
 .fini0         0x000019ea        0x4 c:/winavr-20100110/bin/../lib/gcc/avr/4.3.3/avr5\libgcc.a(_exit.o)
 *(.fini0)
                0x000019ee                _etext = .

.data           0x00800060       0x62 load address 0x000019ee
                0x00800060                PROVIDE (__data_start, .)
 *(.data)
 .data          0x00800060        0x0 c:/winavr-20100110/bin/../lib/gcc/avr/4.3.3/../../../../avr/lib/avr5/crtm32.o
 .data          0x00800060       0x11 ./02-Source/04-App/main.o
 .data          0x00800071        0x0 ./02-Source/02-HAL/07-Keypad/Src/Keypad.o
 .data          0x00800071        0x0 ./02-Source/02-HAL/06-SSD/Src/SSD.o
 .data          0x00800071        0x0 ./02-Source/02-HAL/05-LCD/Src/Lcd.o
 .data          0x00800071        0x0 ./02-Source/02-HAL/05-LCD/Src/Lcd_Cfg.o
 .data          0x00800071        0x0 ./02-Source/02-HAL/02-BUTTON/Src/Button.o
 .data          0x00800071        0x0 ./02-Source/02-HAL/01-LED/Src/Led.o
 .data          0x00800071        0x0 ./02-Source/01-MCAL/02-ADC/Src/Adc.o
 .data          0x00800071        0x0 ./02-Source/01-MCAL/01-DIO/Src/Dio.o
 .data          0x00800071        0x0 c:/winavr-20100110/bin/../lib/gcc/avr/4.3.3/avr5\libgcc.a(_udivmodqi4.o)
 .data          0x00800071        0x0 c:/winavr-20100110/bin/../lib/gcc/avr/4.3.3/avr5\libgcc.a(_exit.o)
 .data          0x00800071        0x0 c:/winavr-20100110/bin/../lib/gcc/avr/4.3.3/avr5\libgcc.a(_copy_data.o)
 .data          0x00800071        0x0 c:/winavr-20100110/bin/../lib/gcc/avr/4.3.3/../../../../avr/lib/avr5\libc.a(sprintf.o)
 .data          0x00800071        0x0 c:/winavr-20100110/bin/../lib/gcc/avr/4.3.3/../../../../avr/lib/avr5\libc.a(vfprintf_std.o)
 .data          0x00800071        0x0 c:/winavr-20100110/bin/../lib/gcc/avr/4.3.3/../../../../avr/lib/avr5\libc.a(strnlen_P.o)
 .data          0x00800071        0x0 c:/winavr-20100110/bin/../lib/gcc/avr/4.3.3/../../../../avr/lib/avr5\libc.a(strnlen.o)
 .data          0x00800071        0x0 c:/winavr-20100110/bin/../lib/gcc/avr/4.3.3/../../../../avr/lib/avr5\libc.a(fputc.o)
 .data          0x00800071        0x0 c:/winavr-20100110/bin/../lib/gcc/avr/4.3.3/../../../../avr/lib/avr5\libc.a(ultoa_invert.o)
 .data          0x00800071        0x0 c:/winavr-20100110/bin/../lib/gcc/avr/4.3.3/avr5\libgcc.a(_prologue.o)
 .data          0x00800071        0x0 c:/winavr-20100110/bin/../lib/gcc/avr/4.3.3/avr5\libgcc.a(_epilogue.o)
 *(.data*)
 .data.Keypad_Layout
                0x00800071       0x10 ./02-Source/02-HAL/07-Keypad/Src/Keypad.o
                0x00800071                Keypad_Layout
 .data.customChar
                0x00800081       0x40 ./02-Source/02-HAL/05-LCD/Src/Lcd_Cfg.o
                0x00800081                customChar
 *(.rodata)
 *(.rodata*)
 *(.gnu.linkonce.d*)
                0x008000c2                . = ALIGN (0x2)
 *fill*         0x008000c1        0x1 00
                0x008000c2                _edata = .
                0x008000c2                PROVIDE (__data_end, .)

.bss            0x008000c2        0x0
                0x008000c2                PROVIDE (__bss_start, .)
 *(.bss)
 .bss           0x008000c2        0x0 c:/winavr-20100110/bin/../lib/gcc/avr/4.3.3/../../../../avr/lib/avr5/crtm32.o
 .bss           0x008000c2        0x0 ./02-Source/04-App/main.o
 .bss           0x008000c2        0x0 ./02-Source/02-HAL/07-Keypad/Src/Keypad.o
 .bss           0x008000c2        0x0 ./02-Source/02-HAL/06-SSD/Src/SSD.o
 .bss           0x008000c2        0x0 ./02-Source/02-HAL/05-LCD/Src/Lcd.o
 .bss           0x008000c2        0x0 ./02-Source/02-HAL/05-LCD/Src/Lcd_Cfg.o
 .bss           0x008000c2        0x0 ./02-Source/02-HAL/02-BUTTON/Src/Button.o
 .bss           0x008000c2        0x0 ./02-Source/02-HAL/01-LED/Src/Led.o
 .bss           0x008000c2        0x0 ./02-Source/01-MCAL/02-ADC/Src/Adc.o
 .bss           0x008000c2        0x0 ./02-Source/01-MCAL/01-DIO/Src/Dio.o
 .bss           0x008000c2        0x0 c:/winavr-20100110/bin/../lib/gcc/avr/4.3.3/avr5\libgcc.a(_udivmodqi4.o)
 .bss           0x008000c2        0x0 c:/winavr-20100110/bin/../lib/gcc/avr/4.3.3/avr5\libgcc.a(_exit.o)
 .bss           0x008000c2        0x0 c:/winavr-20100110/bin/../lib/gcc/avr/4.3.3/avr5\libgcc.a(_copy_data.o)
 .bss           0x008000c2        0x0 c:/winavr-20100110/bin/../lib/gcc/avr/4.3.3/../../../../avr/lib/avr5\libc.a(sprintf.o)
 .bss           0x008000c2        0x0 c:/winavr-20100110/bin/../lib/gcc/avr/4.3.3/../../../../avr/lib/avr5\libc.a(vfprintf_std.o)
 .bss           0x008000c2        0x0 c:/winavr-20100110/bin/../lib/gcc/avr/4.3.3/../../../../avr/lib/avr5\libc.a(strnlen_P.o)
 .bss           0x008000c2        0x0 c:/winavr-20100110/bin/../lib/gcc/avr/4.3.3/../../../../avr/lib/avr5\libc.a(strnlen.o)
 .bss           0x008000c2        0x0 c:/winavr-20100110/bin/../lib/gcc/avr/4.3.3/../../../../avr/lib/avr5\libc.a(fputc.o)
 .bss           0x008000c2        0x0 c:/winavr-20100110/bin/../lib/gcc/avr/4.3.3/../../../../avr/lib/avr5\libc.a(ultoa_invert.o)
 .bss           0x008000c2        0x0 c:/winavr-20100110/bin/../lib/gcc/avr/4.3.3/avr5\libgcc.a(_prologue.o)
 .bss           0x008000c2        0x0 c:/winavr-20100110/bin/../lib/gcc/avr/4.3.3/avr5\libgcc.a(_epilogue.o)
 *(.bss*)
 *(COMMON)
                0x008000c2                PROVIDE (__bss_end, .)
                0x000019ee                __data_load_start = LOADADDR (.data)
                0x00001a50                __data_load_end = (__data_load_start + SIZEOF (.data))

.noinit         0x008000c2        0x0
                0x008000c2                PROVIDE (__noinit_start, .)
 *(.noinit*)
                0x008000c2                PROVIDE (__noinit_end, .)
                0x008000c2                _end = .
                0x008000c2                PROVIDE (__heap_start, .)

.eeprom         0x00810000        0x0
 *(.eeprom*)
                0x00810000                __eeprom_end = .

.fuse
 *(.fuse)
 *(.lfuse)
 *(.hfuse)
 *(.efuse)

.lock
 *(.lock*)

.signature
 *(.signature*)

.stab           0x00000000     0x3804
 *(.stab)
 .stab          0x00000000      0x660 ./02-Source/04-App/main.o
 .stab          0x00000660      0x7ec ./02-Source/02-HAL/07-Keypad/Src/Keypad.o
                                0xa80 (size before relaxing)
 .stab          0x00000e4c      0x468 ./02-Source/02-HAL/06-SSD/Src/SSD.o
                                0x6fc (size before relaxing)
 .stab          0x000012b4     0x1974 ./02-Source/02-HAL/05-LCD/Src/Lcd.o
                               0x1c38 (size before relaxing)
 .stab          0x00002c28       0xf0 ./02-Source/02-HAL/05-LCD/Src/Lcd_Cfg.o
                                0x180 (size before relaxing)
 .stab          0x00002d18      0x210 ./02-Source/02-HAL/02-BUTTON/Src/Button.o
                                0x348 (size before relaxing)
 .stab          0x00002f28      0x2a0 ./02-Source/02-HAL/01-LED/Src/Led.o
                                0x3d8 (size before relaxing)
 .stab          0x000031c8      0x1a4 ./02-Source/01-MCAL/02-ADC/Src/Adc.o
                                0x264 (size before relaxing)
 .stab          0x0000336c      0x498 ./02-Source/01-MCAL/01-DIO/Src/Dio.o
                                0x5a0 (size before relaxing)

.stabstr        0x00000000     0x15d6
 *(.stabstr)
 .stabstr       0x00000000     0x15d6 ./02-Source/04-App/main.o

.stab.excl
 *(.stab.excl)

.stab.exclstr
 *(.stab.exclstr)

.stab.index
 *(.stab.index)

.stab.indexstr
 *(.stab.indexstr)

.comment
 *(.comment)

.debug
 *(.debug)

.line
 *(.line)

.debug_srcinfo
 *(.debug_srcinfo)

.debug_sfnames
 *(.debug_sfnames)

.debug_aranges
 *(.debug_aranges)

.debug_pubnames
 *(.debug_pubnames)

.debug_info
 *(.debug_info)
 *(.gnu.linkonce.wi.*)

.debug_abbrev
 *(.debug_abbrev)

.debug_line
 *(.debug_line)

.debug_frame
 *(.debug_frame)

.debug_str
 *(.debug_str)

.debug_loc
 *(.debug_loc)

.debug_macinfo
 *(.debug_macinfo)
OUTPUT(Amit_OCT13_Interfacing.elf elf32-avr)
LOAD linker stubs
