Archive member included because of file (symbol)

c:/winavr-20100110/bin/../lib/gcc/avr/4.3.3/avr5\libgcc.a(_udivmodqi4.o)
                              ./02-Source/02-HAL/06-SSD/Src/SSD.o (__udivmodqi4)
c:/winavr-20100110/bin/../lib/gcc/avr/4.3.3/avr5\libgcc.a(_exit.o)
                              c:/winavr-20100110/bin/../lib/gcc/avr/4.3.3/../../../../avr/lib/avr5/crtm32.o (exit)
c:/winavr-20100110/bin/../lib/gcc/avr/4.3.3/avr5\libgcc.a(_copy_data.o)
                              ./02-Source/02-HAL/05-LCD/Src/Lcd_Cfg.o (__do_copy_data)

Memory Configuration

Name             Origin             Length             Attributes
text             0x00000000         0x00020000         xr
data             0x00800060         0x0000ffa0         rw !x
eeprom           0x00810000         0x00010000         rw !x
fuse             0x00820000         0x00000400         rw !x
lock             0x00830000         0x00000400         rw !x
signature        0x00840000         0x00000400         rw !x
*default*        0x00000000         0xffffffff

Linker script and memory map

LOAD c:/winavr-20100110/bin/../lib/gcc/avr/4.3.3/../../../../avr/lib/avr5/crtm32.o
LOAD ./02-Source/04-App/main.o
LOAD ./02-Source/02-HAL/06-SSD/Src/SSD.o
LOAD ./02-Source/02-HAL/05-LCD/Src/Lcd.o
LOAD ./02-Source/02-HAL/05-LCD/Src/Lcd_Cfg.o
LOAD ./02-Source/02-HAL/02-BUTTON/Src/Button.o
LOAD ./02-Source/02-HAL/01-LED/Src/Led.o
LOAD ./02-Source/01-MCAL/01-DIO/Src/Dio.o
LOAD c:/winavr-20100110/bin/../lib/gcc/avr/4.3.3/avr5\libgcc.a
LOAD c:/winavr-20100110/bin/../lib/gcc/avr/4.3.3/../../../../avr/lib/avr5\libc.a
LOAD c:/winavr-20100110/bin/../lib/gcc/avr/4.3.3/avr5\libgcc.a

.hash
 *(.hash)

.dynsym
 *(.dynsym)

.dynstr
 *(.dynstr)

.gnu.version
 *(.gnu.version)

.gnu.version_d
 *(.gnu.version_d)

.gnu.version_r
 *(.gnu.version_r)

.rel.init
 *(.rel.init)

.rela.init
 *(.rela.init)

.rel.text
 *(.rel.text)
 *(.rel.text.*)
 *(.rel.gnu.linkonce.t*)

.rela.text
 *(.rela.text)
 *(.rela.text.*)
 *(.rela.gnu.linkonce.t*)

.rel.fini
 *(.rel.fini)

.rela.fini
 *(.rela.fini)

.rel.rodata
 *(.rel.rodata)
 *(.rel.rodata.*)
 *(.rel.gnu.linkonce.r*)

.rela.rodata
 *(.rela.rodata)
 *(.rela.rodata.*)
 *(.rela.gnu.linkonce.r*)

.rel.data
 *(.rel.data)
 *(.rel.data.*)
 *(.rel.gnu.linkonce.d*)

.rela.data
 *(.rela.data)
 *(.rela.data.*)
 *(.rela.gnu.linkonce.d*)

.rel.ctors
 *(.rel.ctors)

.rela.ctors
 *(.rela.ctors)

.rel.dtors
 *(.rel.dtors)

.rela.dtors
 *(.rela.dtors)

.rel.got
 *(.rel.got)

.rela.got
 *(.rela.got)

.rel.bss
 *(.rel.bss)

.rela.bss
 *(.rela.bss)

.rel.plt
 *(.rel.plt)

.rela.plt
 *(.rela.plt)

.text           0x00000000      0xf92
 *(.vectors)
 .vectors       0x00000000       0x54 c:/winavr-20100110/bin/../lib/gcc/avr/4.3.3/../../../../avr/lib/avr5/crtm32.o
                0x00000000                __vectors
                0x00000000                __vector_default
 *(.vectors)
 *(.progmem.gcc*)
 *(.progmem*)
                0x00000054                . = ALIGN (0x2)
                0x00000054                __trampolines_start = .
 *(.trampolines)
 .trampolines   0x00000054        0x0 linker stubs
 *(.trampolines*)
                0x00000054                __trampolines_end = .
 *(.jumptables)
 *(.jumptables*)
 *(.lowtext)
 *(.lowtext*)
                0x00000054                __ctors_start = .
 *(.ctors)
                0x00000054                __ctors_end = .
                0x00000054                __dtors_start = .
 *(.dtors)
                0x00000054                __dtors_end = .
 SORT(*)(.ctors)
 SORT(*)(.dtors)
 *(.init0)
 .init0         0x00000054        0x0 c:/winavr-20100110/bin/../lib/gcc/avr/4.3.3/../../../../avr/lib/avr5/crtm32.o
                0x00000054                __init
 *(.init0)
 *(.init1)
 *(.init1)
 *(.init2)
 .init2         0x00000054        0xc c:/winavr-20100110/bin/../lib/gcc/avr/4.3.3/../../../../avr/lib/avr5/crtm32.o
 *(.init2)
 *(.init3)
 *(.init3)
 *(.init4)
 .init4         0x00000060       0x16 c:/winavr-20100110/bin/../lib/gcc/avr/4.3.3/avr5\libgcc.a(_copy_data.o)
                0x00000060                __do_copy_data
 *(.init4)
 *(.init5)
 *(.init5)
 *(.init6)
 *(.init6)
 *(.init7)
 *(.init7)
 *(.init8)
 *(.init8)
 *(.init9)
 .init9         0x00000076        0x8 c:/winavr-20100110/bin/../lib/gcc/avr/4.3.3/../../../../avr/lib/avr5/crtm32.o
 *(.init9)
 *(.text)
 .text          0x0000007e        0x4 c:/winavr-20100110/bin/../lib/gcc/avr/4.3.3/../../../../avr/lib/avr5/crtm32.o
                0x0000007e                __vector_1
                0x0000007e                __vector_12
                0x0000007e                __bad_interrupt
                0x0000007e                __vector_6
                0x0000007e                __vector_3
                0x0000007e                __vector_11
                0x0000007e                __vector_13
                0x0000007e                __vector_17
                0x0000007e                __vector_19
                0x0000007e                __vector_7
                0x0000007e                __vector_5
                0x0000007e                __vector_4
                0x0000007e                __vector_9
                0x0000007e                __vector_2
                0x0000007e                __vector_15
                0x0000007e                __vector_8
                0x0000007e                __vector_14
                0x0000007e                __vector_10
                0x0000007e                __vector_16
                0x0000007e                __vector_18
                0x0000007e                __vector_20
 .text          0x00000082        0x0 ./02-Source/04-App/main.o
 .text          0x00000082        0x0 ./02-Source/02-HAL/06-SSD/Src/SSD.o
 .text          0x00000082        0x0 ./02-Source/02-HAL/05-LCD/Src/Lcd.o
 .text          0x00000082        0x0 ./02-Source/02-HAL/05-LCD/Src/Lcd_Cfg.o
 .text          0x00000082        0x0 ./02-Source/02-HAL/02-BUTTON/Src/Button.o
 .text          0x00000082        0x0 ./02-Source/02-HAL/01-LED/Src/Led.o
 .text          0x00000082        0x0 ./02-Source/01-MCAL/01-DIO/Src/Dio.o
 .text          0x00000082        0x0 c:/winavr-20100110/bin/../lib/gcc/avr/4.3.3/avr5\libgcc.a(_udivmodqi4.o)
 .text          0x00000082        0x0 c:/winavr-20100110/bin/../lib/gcc/avr/4.3.3/avr5\libgcc.a(_exit.o)
 .text          0x00000082        0x0 c:/winavr-20100110/bin/../lib/gcc/avr/4.3.3/avr5\libgcc.a(_copy_data.o)
                0x00000082                . = ALIGN (0x2)
 *(.text.*)
 .text.main     0x00000082       0x68 ./02-Source/04-App/main.o
                0x00000082                main
 .text.SSD_Display
                0x000000ea       0x78 ./02-Source/02-HAL/06-SSD/Src/SSD.o
                0x000000ea                SSD_Display
 .text.SSD_Init
                0x00000162       0x5c ./02-Source/02-HAL/06-SSD/Src/SSD.o
                0x00000162                SSD_Init
 .text.SSD_Display_With_Delay
                0x000001be       0xf8 ./02-Source/02-HAL/06-SSD/Src/SSD.o
                0x000001be                SSD_Display_With_Delay
 .text.Lcd_Cmd  0x000002b6       0x7e ./02-Source/02-HAL/05-LCD/Src/Lcd.o
                0x000002b6                Lcd_Cmd
 .text.Lcd_Display_Chr
                0x00000334       0x7e ./02-Source/02-HAL/05-LCD/Src/Lcd.o
                0x00000334                Lcd_Display_Chr
 .text.Lcd_Display_str
                0x000003b2       0x98 ./02-Source/02-HAL/05-LCD/Src/Lcd.o
                0x000003b2                Lcd_Display_str
 .text.Lcd_Goto_Row_Column
                0x0000044a       0x90 ./02-Source/02-HAL/05-LCD/Src/Lcd.o
                0x0000044a                Lcd_Goto_Row_Column
 .text.Lcd_Init
                0x000004da      0x69a ./02-Source/02-HAL/05-LCD/Src/Lcd.o
                0x000004da                Lcd_Init
 .text.Button_Is_Pressed
                0x00000b74       0x4a ./02-Source/02-HAL/02-BUTTON/Src/Button.o
                0x00000b74                Button_Is_Pressed
 .text.Button_Init
                0x00000bbe       0x20 ./02-Source/02-HAL/02-BUTTON/Src/Button.o
                0x00000bbe                Button_Init
 .text.Led_Toggle
                0x00000bde       0x2c ./02-Source/02-HAL/01-LED/Src/Led.o
                0x00000bde                Led_Toggle
 .text.Led_OFF  0x00000c0a       0x32 ./02-Source/02-HAL/01-LED/Src/Led.o
                0x00000c0a                Led_OFF
 .text.Led_ON   0x00000c3c       0x32 ./02-Source/02-HAL/01-LED/Src/Led.o
                0x00000c3c                Led_ON
 .text.Led_Init
                0x00000c6e       0x3e ./02-Source/02-HAL/01-LED/Src/Led.o
                0x00000c6e                Led_Init
 .text.Dio_Configure_Channel
                0x00000cac       0xdc ./02-Source/01-MCAL/01-DIO/Src/Dio.o
                0x00000cac                Dio_Configure_Channel
 .text.Dio_Write_Channel
                0x00000d88       0xde ./02-Source/01-MCAL/01-DIO/Src/Dio.o
                0x00000d88                Dio_Write_Channel
 .text.Dio_Flip_Channel
                0x00000e66       0x6a ./02-Source/01-MCAL/01-DIO/Src/Dio.o
                0x00000e66                Dio_Flip_Channel
 .text.Dio_Read_Channel
                0x00000ed0       0x5c ./02-Source/01-MCAL/01-DIO/Src/Dio.o
                0x00000ed0                Dio_Read_Channel
 .text.Dio_Write_Channel_Group
                0x00000f2c       0x4a ./02-Source/01-MCAL/01-DIO/Src/Dio.o
                0x00000f2c                Dio_Write_Channel_Group
 .text.libgcc   0x00000f76       0x18 c:/winavr-20100110/bin/../lib/gcc/avr/4.3.3/avr5\libgcc.a(_udivmodqi4.o)
                0x00000f76                __udivmodqi4
 .text.libgcc   0x00000f8e        0x0 c:/winavr-20100110/bin/../lib/gcc/avr/4.3.3/avr5\libgcc.a(_exit.o)
 .text.libgcc   0x00000f8e        0x0 c:/winavr-20100110/bin/../lib/gcc/avr/4.3.3/avr5\libgcc.a(_copy_data.o)
                0x00000f8e                . = ALIGN (0x2)
 *(.fini9)
 .fini9         0x00000f8e        0x0 c:/winavr-20100110/bin/../lib/gcc/avr/4.3.3/avr5\libgcc.a(_exit.o)
                0x00000f8e                exit
                0x00000f8e                _exit
 *(.fini9)
 *(.fini8)
 *(.fini8)
 *(.fini7)
 *(.fini7)
 *(.fini6)
 *(.fini6)
 *(.fini5)
 *(.fini5)
 *(.fini4)
 *(.fini4)
 *(.fini3)
 *(.fini3)
 *(.fini2)
 *(.fini2)
 *(.fini1)
 *(.fini1)
 *(.fini0)
 .fini0         0x00000f8e        0x4 c:/winavr-20100110/bin/../lib/gcc/avr/4.3.3/avr5\libgcc.a(_exit.o)
 *(.fini0)
                0x00000f92                _etext = .

.data           0x00800060       0x40 load address 0x00000f92
                0x00800060                PROVIDE (__data_start, .)
 *(.data)
 .data          0x00800060        0x0 c:/winavr-20100110/bin/../lib/gcc/avr/4.3.3/../../../../avr/lib/avr5/crtm32.o
 .data          0x00800060        0x0 ./02-Source/04-App/main.o
 .data          0x00800060        0x0 ./02-Source/02-HAL/06-SSD/Src/SSD.o
 .data          0x00800060        0x0 ./02-Source/02-HAL/05-LCD/Src/Lcd.o
 .data          0x00800060        0x0 ./02-Source/02-HAL/05-LCD/Src/Lcd_Cfg.o
 .data          0x00800060        0x0 ./02-Source/02-HAL/02-BUTTON/Src/Button.o
 .data          0x00800060        0x0 ./02-Source/02-HAL/01-LED/Src/Led.o
 .data          0x00800060        0x0 ./02-Source/01-MCAL/01-DIO/Src/Dio.o
 .data          0x00800060        0x0 c:/winavr-20100110/bin/../lib/gcc/avr/4.3.3/avr5\libgcc.a(_udivmodqi4.o)
 .data          0x00800060        0x0 c:/winavr-20100110/bin/../lib/gcc/avr/4.3.3/avr5\libgcc.a(_exit.o)
 .data          0x00800060        0x0 c:/winavr-20100110/bin/../lib/gcc/avr/4.3.3/avr5\libgcc.a(_copy_data.o)
 *(.data*)
 .data.customChar
                0x00800060       0x40 ./02-Source/02-HAL/05-LCD/Src/Lcd_Cfg.o
                0x00800060                customChar
 *(.rodata)
 *(.rodata*)
 *(.gnu.linkonce.d*)
                0x008000a0                . = ALIGN (0x2)
                0x008000a0                _edata = .
                0x008000a0                PROVIDE (__data_end, .)

.bss            0x008000a0        0x0
                0x008000a0                PROVIDE (__bss_start, .)
 *(.bss)
 .bss           0x008000a0        0x0 c:/winavr-20100110/bin/../lib/gcc/avr/4.3.3/../../../../avr/lib/avr5/crtm32.o
 .bss           0x008000a0        0x0 ./02-Source/04-App/main.o
 .bss           0x008000a0        0x0 ./02-Source/02-HAL/06-SSD/Src/SSD.o
 .bss           0x008000a0        0x0 ./02-Source/02-HAL/05-LCD/Src/Lcd.o
 .bss           0x008000a0        0x0 ./02-Source/02-HAL/05-LCD/Src/Lcd_Cfg.o
 .bss           0x008000a0        0x0 ./02-Source/02-HAL/02-BUTTON/Src/Button.o
 .bss           0x008000a0        0x0 ./02-Source/02-HAL/01-LED/Src/Led.o
 .bss           0x008000a0        0x0 ./02-Source/01-MCAL/01-DIO/Src/Dio.o
 .bss           0x008000a0        0x0 c:/winavr-20100110/bin/../lib/gcc/avr/4.3.3/avr5\libgcc.a(_udivmodqi4.o)
 .bss           0x008000a0        0x0 c:/winavr-20100110/bin/../lib/gcc/avr/4.3.3/avr5\libgcc.a(_exit.o)
 .bss           0x008000a0        0x0 c:/winavr-20100110/bin/../lib/gcc/avr/4.3.3/avr5\libgcc.a(_copy_data.o)
 *(.bss*)
 *(COMMON)
                0x008000a0                PROVIDE (__bss_end, .)
                0x00000f92                __data_load_start = LOADADDR (.data)
                0x00000fd2                __data_load_end = (__data_load_start + SIZEOF (.data))

.noinit         0x008000a0        0x0
                0x008000a0                PROVIDE (__noinit_start, .)
 *(.noinit*)
                0x008000a0                PROVIDE (__noinit_end, .)
                0x008000a0                _end = .
                0x008000a0                PROVIDE (__heap_start, .)

.eeprom         0x00810000        0x0
 *(.eeprom*)
                0x00810000                __eeprom_end = .

.fuse
 *(.fuse)
 *(.lfuse)
 *(.hfuse)
 *(.efuse)

.lock
 *(.lock*)

.signature
 *(.signature*)

.stab           0x00000000     0x2dcc
 *(.stab)
 .stab          0x00000000      0x624 ./02-Source/04-App/main.o
 .stab          0x00000624      0x468 ./02-Source/02-HAL/06-SSD/Src/SSD.o
                                0x6fc (size before relaxing)
 .stab          0x00000a8c     0x1974 ./02-Source/02-HAL/05-LCD/Src/Lcd.o
                               0x1c38 (size before relaxing)
 .stab          0x00002400       0xf0 ./02-Source/02-HAL/05-LCD/Src/Lcd_Cfg.o
                                0x180 (size before relaxing)
 .stab          0x000024f0      0x210 ./02-Source/02-HAL/02-BUTTON/Src/Button.o
                                0x348 (size before relaxing)
 .stab          0x00002700      0x2a0 ./02-Source/02-HAL/01-LED/Src/Led.o
                                0x3d8 (size before relaxing)
 .stab          0x000029a0      0x42c ./02-Source/01-MCAL/01-DIO/Src/Dio.o
                                0x534 (size before relaxing)

.stabstr        0x00000000     0x12e5
 *(.stabstr)
 .stabstr       0x00000000     0x12e5 ./02-Source/04-App/main.o

.stab.excl
 *(.stab.excl)

.stab.exclstr
 *(.stab.exclstr)

.stab.index
 *(.stab.index)

.stab.indexstr
 *(.stab.indexstr)

.comment
 *(.comment)

.debug
 *(.debug)

.line
 *(.line)

.debug_srcinfo
 *(.debug_srcinfo)

.debug_sfnames
 *(.debug_sfnames)

.debug_aranges
 *(.debug_aranges)

.debug_pubnames
 *(.debug_pubnames)

.debug_info
 *(.debug_info)
 *(.gnu.linkonce.wi.*)

.debug_abbrev
 *(.debug_abbrev)

.debug_line
 *(.debug_line)

.debug_frame
 *(.debug_frame)

.debug_str
 *(.debug_str)

.debug_loc
 *(.debug_loc)

.debug_macinfo
 *(.debug_macinfo)
OUTPUT(Amit_OCT13_Interfacing.elf elf32-avr)
LOAD linker stubs
